{
  "Description": "Integration Test for aws-lambda-secretsmanager",
  "Resources": {
    "LambdaFunctionServiceRole0C4CDE0B": {
      "Type": "AWS::IAM::Role",
      "Properties": {
        "AssumeRolePolicyDocument": {
          "Statement": [
            {
              "Action": "sts:AssumeRole",
              "Effect": "Allow",
              "Principal": {
                "Service": "lambda.amazonaws.com"
              }
            }
          ],
          "Version": "2012-10-17"
        },
        "Policies": [
          {
            "PolicyDocument": {
              "Statement": [
                {
                  "Action": [
                    "logs:CreateLogGroup",
                    "logs:CreateLogStream",
                    "logs:PutLogEvents"
                  ],
                  "Effect": "Allow",
                  "Resource": {
                    "Fn::Join": [
                      "",
                      [
                        "arn:",
                        {
                          "Ref": "AWS::Partition"
                        },
                        ":logs:",
                        {
                          "Ref": "AWS::Region"
                        },
                        ":",
                        {
                          "Ref": "AWS::AccountId"
                        },
                        ":log-group:/aws/lambda/*"
                      ]
                    ]
                  }
                }
              ],
              "Version": "2012-10-17"
            },
            "PolicyName": "LambdaFunctionServiceRolePolicy"
          }
        ]
      }
    },
    "LambdaFunctionServiceRoleDefaultPolicy126C8897": {
      "Type": "AWS::IAM::Policy",
      "Properties": {
        "PolicyDocument": {
          "Statement": [
            {
              "Action": [
                "xray:PutTraceSegments",
                "xray:PutTelemetryRecords"
              ],
              "Effect": "Allow",
              "Resource": "*"
            },
            {
              "Action": [
                "secretsmanager:GetSecretValue",
                "secretsmanager:DescribeSecret"
              ],
              "Effect": "Allow",
              "Resource": {
                "Ref": "testlambdasecretsmanagersecret4C99E6BF"
              }
            }
          ],
          "Version": "2012-10-17"
        },
        "PolicyName": "LambdaFunctionServiceRoleDefaultPolicy126C8897",
        "Roles": [
          {
            "Ref": "LambdaFunctionServiceRole0C4CDE0B"
          }
        ]
      },
      "Metadata": {
        "cfn_nag": {
          "rules_to_suppress": [
            {
              "id": "W12",
              "reason": "Lambda needs the following minimum required permissions to send trace data to X-Ray and access ENIs in a VPC."
            }
          ]
        }
      }
    },
    "LambdaFunctionBF21E41F": {
      "Type": "AWS::Lambda::Function",
      "Properties": {
        "Code": {
          "S3Bucket": {
            "Ref": "AssetParameters6f9a889051a73435842f821b214f7f08d666f4ed8aea2c3c6928113c43077d4bS3BucketC6294FB3"
          },
          "S3Key": {
            "Fn::Join": [
              "",
              [
                {
                  "Fn::Select": [
                    0,
                    {
                      "Fn::Split": [
                        "||",
                        {
                          "Ref": "AssetParameters6f9a889051a73435842f821b214f7f08d666f4ed8aea2c3c6928113c43077d4bS3VersionKey30C28A5A"
                        }
                      ]
                    }
                  ]
                },
                {
                  "Fn::Select": [
                    1,
                    {
                      "Fn::Split": [
                        "||",
                        {
                          "Ref": "AssetParameters6f9a889051a73435842f821b214f7f08d666f4ed8aea2c3c6928113c43077d4bS3VersionKey30C28A5A"
                        }
                      ]
                    }
                  ]
                }
              ]
            ]
          }
        },
        "Role": {
          "Fn::GetAtt": [
            "LambdaFunctionServiceRole0C4CDE0B",
            "Arn"
          ]
        },
        "Environment": {
          "Variables": {
            "SECRET_NAME": {
              "Fn::Select": [
                6,
                {
                  "Fn::Split": [
                    ":",
                    {
                      "Ref": "testlambdasecretsmanagersecret4C99E6BF"
                    }
                  ]
                }
              ]
            }
          }
        },
        "Handler": "index.handler",
        "Runtime": "nodejs10.x",
        "TracingConfig": {
          "Mode": "Active"
        }
      },
      "DependsOn": [
        "LambdaFunctionServiceRoleDefaultPolicy126C8897",
        "LambdaFunctionServiceRole0C4CDE0B"
      ],
      "Metadata": {
        "cfn_nag": {
          "rules_to_suppress": [
            {
              "id": "W58",
              "reason": "Lambda functions has the required permission to write CloudWatch Logs. It uses custom policy instead of arn:aws:iam::aws:policy/service-role/AWSLambdaBasicExecutionRole with more tighter permissions."
            }
          ]
        }
      }
    },
    "testlambdasecretsmanagersecret4C99E6BF": {
      "Type": "AWS::SecretsManager::Secret",
      "Properties": {
        "GenerateSecretString": {}
      },
      "UpdateReplacePolicy": "Retain",
      "DeletionPolicy": "Retain"
    }
  },
  "Parameters": {
    "AssetParameters6f9a889051a73435842f821b214f7f08d666f4ed8aea2c3c6928113c43077d4bS3BucketC6294FB3": {
      "Type": "String",
      "Description": "S3 bucket for asset \"6f9a889051a73435842f821b214f7f08d666f4ed8aea2c3c6928113c43077d4b\""
    },
    "AssetParameters6f9a889051a73435842f821b214f7f08d666f4ed8aea2c3c6928113c43077d4bS3VersionKey30C28A5A": {
      "Type": "String",
      "Description": "S3 key for asset version \"6f9a889051a73435842f821b214f7f08d666f4ed8aea2c3c6928113c43077d4b\""
    },
    "AssetParameters6f9a889051a73435842f821b214f7f08d666f4ed8aea2c3c6928113c43077d4bArtifactHash42A39A2C": {
      "Type": "String",
      "Description": "Artifact hash for asset \"6f9a889051a73435842f821b214f7f08d666f4ed8aea2c3c6928113c43077d4b\""
    }
  }
}